{"info": {"currentPage": 0, "pageSize": 5, "totalPage": 172700, "totalItem": 863498}, "data": [{"accession": "AMP10.000_000", "sequence": "KKVKSIFKKALAMMGENEVKAWGIGIK", "family": "SPHERE-III.001_493", "length": 27, "molecular_weight": 3005.6850000000004, "isoelectric_point": 10.125549507141113, "charge": 4.758729531142718, "aromaticity": 0.07407407407407407, "instability_index": -18.348148148148148, "gravy": -0.11111111111111117, "Antifam": "Passed", "RNAcode": "Failed", "metaproteomes": "Passed", "metatranscriptomes": "Passed", "coordinates": "Passed", "secondary_structure": {"helix": 0.2962962962962963, "turn": 0.18518518518518517, "sheet": 0.2962962962962963}, "feature_graph_points": {"transfer_energy": {"type": "line plot", "x": ["K0", "K1", "V2", "K3", "S4", "I5", "F6", "K7", "K8", "A9", "L10", "A11", "M12", "M13", "G14", "E15", "N16", "E17", "V18", "K19", "A20", "W21", "G22"], "y": [3.2019999999999995, 1.1079999999999999, -0.598, 1.3199999999999998, 1.3199999999999996, 0.2779999999999999, 0.2779999999999999, 0.5119999999999998, -1.068, -2.648, -2.4739999999999998, -0.12800000000000003, 1.5619999999999998, 3.3939999999999997, 3.0559999999999996, 4.354, 2.63, 0.836, -0.7140000000000002, -0.89, -2.1879999999999997, -2.8099999999999996, -1.234], "c": ["b", "b", "g", "b", "orange", "g", "g", "b", "b", "orange", "g", "orange", "g", "g", "orange", "r", "m", "r", "g", "b", "orange", "g", "orange"]}, "hydrophobicity_parker": {"type": "line plot", "x": ["K0", "K1", "V2", "K3", "S4", "I5", "F6", "K7", "K8", "A9", "L10", "A11", "M12", "M13", "G14", "E15", "N16", "E17", "V18", "K19", "A20", "W21", "G22"], "y": [0.30100000000000005, 0.438, 0.587, 0.493, 0.493, 0.5369999999999999, 0.5489999999999999, 0.43600000000000005, 0.5349999999999999, 0.634, 0.5980000000000001, 0.42799999999999994, 0.379, 0.259, 0.254, 0.25400000000000006, 0.31100000000000005, 0.48100000000000004, 0.502, 0.545, 0.5449999999999999, 0.646, 0.489], "c": ["b", "b", "g", "b", "orange", "g", "g", "b", "b", "orange", "g", "orange", "g", "g", "orange", "r", "m", "r", "g", "b", "orange", "g", "orange"]}, "surface_accessibility": {"type": "line plot", "x": ["K0", "K1", "V2", "K3", "S4", "I5", "F6", "K7", "K8", "A9", "L10", "A11", "M12", "M13", "G14", "E15", "N16", "E17", "V18", "K19", "A20", "W21", "G22"], "y": [1.2711999999999999, 1.0828, 0.9128000000000001, 1.1006, 1.1006, 1.0406, 1.0406, 1.0645999999999998, 0.8984, 0.7322, 0.712, 0.8803999999999998, 0.9765999999999998, 1.1228, 1.1012, 1.2674, 1.1414, 1.0437999999999998, 0.8976, 0.8969999999999999, 0.7308, 0.6884, 0.8358000000000001], "c": ["b", "b", "g", "b", "orange", "g", "g", "b", "b", "orange", "g", "orange", "g", "g", "orange", "r", "m", "r", "g", "b", "orange", "g", "orange"]}, "flexibility": {"type": "line plot", "x": ["K0", "K1", "V2", "K3", "S4", "I5", "F6", "K7", "K8", "A9", "L10", "A11", "M12", "M13", "G14", "E15", "N16", "E17", "V18", "K19", "A20", "W21", "G22"], "y": [1.0566, 1.0216, 0.9842000000000001, 1.0184000000000002, 1.0184, 1.006, 1.0076, 1.0214, 0.9914000000000002, 0.9614, 0.9708, 1.0026, 1.0154, 1.0438, 1.0396, 1.0538000000000003, 1.0318, 1.0030000000000001, 0.9904, 0.9895999999999999, 0.9753999999999999, 0.9640000000000001, 1.0036], "c": ["b", "b", "g", "b", "orange", "g", "g", "b", "b", "orange", "g", "orange", "g", "g", "orange", "r", "m", "r", "g", "b", "orange", "g", "orange"]}}, "metadata": {"info": {"currentPage": 0, "pageSize": 5, "totalPage": 3105, "totalItem": 15523}, "data": [{"AMP": "AMP10.000_000", "GMSC_accession": "GMSC10.SMORF.000_000_962_653", "gene_sequence": "ATGAAAAAGGTAAAAAGTATTTTTAAAAAAGCCCTTGCTATGATGGGTGAAAACGAAGTAAAAGCTTGGGGTATAGGGATTAAGTAA", "sample": "435590.SAMN02604309", "specI": "specI_v3_Cluster2367", "is_metagenomic": true, "geographic_location": "", "latitude": null, "longitude": null, "general_envo_name": "Progenomes", "environment_material": "", "microbial_source_d": "Bacteria", "microbial_source_p": "Bacteroidota", "microbial_source_c": "Bacteroidia", "microbial_source_o": "Bacteroidales", "microbial_source_f": "Bacteroidaceae", "microbial_source_g": "Phocaeicola", "microbial_source_s": "Phocaeicola dorei"}, {"AMP": "AMP10.000_000", "GMSC_accession": "GMSC10.SMORF.000_001_397_691", "gene_sequence": "TTACTTAATCCCTATACCCCAAGCTTTTACTTCGTTTTCACCCATCATAGCAAGGGCTTTCTTAAAAATACTTTTTACCTTTTTCAT", "sample": "457394.SAMN02463694", "specI": "specI_v3_Cluster2367", "is_metagenomic": true, "geographic_location": "", "latitude": null, "longitude": null, "general_envo_name": "Progenomes", "environment_material": "", "microbial_source_d": "Bacteria", "microbial_source_p": "Bacteroidota", "microbial_source_c": "Bacteroidia", "microbial_source_o": "Bacteroidales", "microbial_source_f": "Bacteroidaceae", "microbial_source_g": "Phocaeicola", "microbial_source_s": "Phocaeicola vulgatus"}, {"AMP": "AMP10.000_000", "GMSC_accession": "GMSC10.SMORF.000_001_600_202", "gene_sequence": "TTACTTAATCCCTATACCCCAAGCTTTTACTTCGTTTTCACCCATCATAGCAAGGGCTTTCTTAAAAATACTTTTTACCTTTTTCAT", "sample": "469593.SAMN02463762", "specI": "specI_v3_Cluster2367", "is_metagenomic": true, "geographic_location": "", "latitude": null, "longitude": null, "general_envo_name": "Progenomes", "environment_material": "", "microbial_source_d": "Bacteria", "microbial_source_p": "Bacteroidota", "microbial_source_c": "Bacteroidia", "microbial_source_o": "Bacteroidales", "microbial_source_f": "Bacteroidaceae", "microbial_source_g": "Phocaeicola", "microbial_source_s": "Phocaeicola vulgatus"}, {"AMP": "AMP10.000_000", "GMSC_accession": "GMSC10.SMORF.000_001_968_479", "gene_sequence": "TTACTTAATCCCTATACCCCAAGCTTTTACTTCGTTTTCACCCATCATAGCAAGGGCTTTCTTAAAAATACTTTTTACCTTTTTCAT", "sample": "997891.SAMN02463934", "specI": "specI_v3_Cluster2367", "is_metagenomic": true, "geographic_location": "", "latitude": null, "longitude": null, "general_envo_name": "Progenomes", "environment_material": "", "microbial_source_d": "Bacteria", "microbial_source_p": "Bacteroidota", "microbial_source_c": "Bacteroidia", "microbial_source_o": "Bacteroidales", "microbial_source_f": "Bacteroidaceae", "microbial_source_g": "Phocaeicola", "microbial_source_s": "Phocaeicola vulgatus"}, {"AMP": "AMP10.000_000", "GMSC_accession": "GMSC10.SMORF.000_002_716_081", "gene_sequence": "ATGAAAAAGGTAAAAAGTATTTTTAAAAAAGCCCTTGCTATGATGGGTGAAAACGAAGTAAAAGCTTGGGGTATAGGGATTAAGTAA", "sample": "1235786.SAMN01730984", "specI": "specI_v3_Cluster2367", "is_metagenomic": true, "geographic_location": "", "latitude": null, "longitude": null, "general_envo_name": "Progenomes", "environment_material": "", "microbial_source_d": "Bacteria", "microbial_source_p": "Bacteroidota", "microbial_source_c": "Bacteroidia", "microbial_source_o": "Bacteroidales", "microbial_source_f": "Bacteroidaceae", "microbial_source_g": "Phocaeicola", "microbial_source_s": "Phocaeicola vulgatus"}]}}, {"accession": "AMP10.000_001", "sequence": "FFGIGQQEMTLEEIGDKFGLTRERVRQIKEKAIRRLRQSNRSKLLKSYLG", "family": "SPHERE-III.000_082", "length": 50, "molecular_weight": 5925.825199999999, "isoelectric_point": 10.577859687805173, "charge": 5.769210679701187, "aromaticity": 0.08, "instability_index": 59.397999999999996, "gravy": -0.7899999999999998, "Antifam": "Passed", "RNAcode": "Passed", "metaproteomes": "Failed", "metatranscriptomes": "Passed", "coordinates": "Passed", "secondary_structure": {"helix": 0.3, "turn": 0.18, "sheet": 0.26}, "feature_graph_points": {"transfer_energy": {"type": "line plot", "x": ["F0", "F1", "G2", "I3", "G4", "Q5", "Q6", "E7", "M8", "T9", "L10", "E11", "E12", "I13", "G14", "D15", "K16", "F17", "G18", "L19", "T20", "R21", "E22", "R23", "V24", "R25", "Q26", "I27", "K28", "E29", "K30", "A31", "I32", "R33", "R34", "L35", "R36", "Q37", "S38", "N39", "R40", "S41", "K42", "L43", "L44", "K45"], "y": [-2.552, -0.8480000000000001, 0.8559999999999999, 2.4059999999999997, 2.9199999999999995, 3.622, 1.53, 1.784, 1.7839999999999996, 1.27, 0.568, 3.2959999999999994, 3.044, 1.0859999999999999, 1.8820000000000001, 1.0859999999999999, -0.1440000000000002, 1.73, 3.6879999999999997, 6.859999999999999, 7.036, 9.506, 7.63, 5.284000000000001, 3.41, 5.58, 3.7060000000000004, 2.2359999999999998, 2.2359999999999998, 4.11, 5.731999999999999, 3.6379999999999995, 6.984, 9.075999999999999, 6.772, 5.116, 9.084, 6.779999999999999, 6.781999999999999, 5.117999999999999, 2.806, 0.9319999999999997, 0.9319999999999997, -0.1500000000000002, -0.15000000000000008, 0.6459999999999999], "c": ["g", "g", "orange", "g", "orange", "m", "m", "r", "g", "orange", "g", "r", "r", "g", "orange", "r", "b", "g", "orange", "g", "orange", "b", "r", "b", "g", "b", "m", "g", "b", "r", "b", "orange", "g", "b", "b", "g", "b", "m", "orange", "m", "b", "orange", "b", "g", "g", "b"]}, "hydrophobicity_parker": {"type": "line plot", "x": ["F0", "F1", "G2", "I3", "G4", "Q5", "Q6", "E7", "M8", "T9", "L10", "E11", "E12", "I13", "G14", "D15", "K16", "F17", "G18", "L19", "T20", "R21", "E22", "R23", "V24", "R25", "Q26", "I27", "K28", "E29", "K30", "A31", "I32", "R33", "R34", "L35", "R36", "Q37", "S38", "N39", "R40", "S41", "K42", "L43", "L44", "K45"], "y": [0.65, 0.49799999999999994, 0.34600000000000003, 0.325, 0.287, 0.292, 0.44399999999999995, 0.426, 0.426, 0.46399999999999997, 0.45899999999999996, 0.267, 0.28800000000000003, 0.458, 0.321, 0.4699999999999999, 0.518, 0.533, 0.363, 0.378, 0.323, 0.333, 0.315, 0.47300000000000003, 0.458, 0.34299999999999997, 0.328, 0.367, 0.36700000000000005, 0.382, 0.418, 0.567, 0.546, 0.40599999999999997, 0.383, 0.3549999999999999, 0.221, 0.198, 0.20099999999999998, 0.358, 0.5199999999999999, 0.505, 0.505, 0.581, 0.581, 0.43200000000000005], "c": ["g", "g", "orange", "g", "orange", "m", "m", "r", "g", "orange", "g", "r", "r", "g", "orange", "r", "b", "g", "orange", "g", "orange", "b", "r", "b", "g", "b", "m", "g", "b", "r", "b", "orange", "g", "b", "b", "g", "b", "m", "orange", "m", "b", "orange", "b", "g", "g", "b"]}, "surface_accessibility": {"type": "line plot", "x": ["F0", "F1", "G2", "I3", "G4", "Q5", "Q6", "E7", "M8", "T9", "L10", "E11", "E12", "I13", "G14", "D15", "K16", "F17", "G18", "L19", "T20", "R21", "E22", "R23", "V24", "R25", "Q26", "I27", "K28", "E29", "K30", "A31", "I32", "R33", "R34", "L35", "R36", "Q37", "S38", "N39", "R40", "S41", "K42", "L43", "L44", "K45"], "y": [0.6841999999999999, 0.8148, 0.9454, 1.0916000000000001, 1.1138, 1.2078000000000002, 1.0588000000000002, 1.0782, 1.0782, 1.056, 0.9620000000000001, 1.0979999999999999, 1.1179999999999999, 0.968, 0.9902, 0.968, 0.9481999999999999, 0.9341999999999999, 1.0842, 1.2364000000000002, 1.237, 1.2952000000000001, 1.2698, 1.1014, 1.1154, 1.2832, 1.2972, 1.1906, 1.1905999999999999, 1.1765999999999999, 1.1826, 0.9942, 1.1262, 1.2752000000000001, 1.2032, 1.1674, 1.3418, 1.2698, 1.3092, 1.2068, 1.0682, 1.0821999999999998, 1.0821999999999998, 0.991, 0.991, 1.0131999999999999], "c": ["g", "g", "orange", "g", "orange", "m", "m", "r", "g", "orange", "g", "r", "r", "g", "orange", "r", "b", "g", "orange", "g", "orange", "b", "r", "b", "g", "b", "m", "g", "b", "r", "b", "orange", "g", "b", "b", "g", "b", "m", "orange", "m", "b", "orange", "b", "g", "g", "b"]}, "flexibility": {"type": "line plot", "x": ["F0", "F1", "G2", "I3", "G4", "Q5", "Q6", "E7", "M8", "T9", "L10", "E11", "E12", "I13", "G14", "D15", "K16", "F17", "G18", "L19", "T20", "R21", "E22", "R23", "V24", "R25", "Q26", "I27", "K28", "E29", "K30", "A31", "I32", "R33", "R34", "L35", "R36", "Q37", "S38", "N39", "R40", "S41", "K42", "L43", "L44", "K45"], "y": [0.9638, 0.9881999999999997, 1.0126, 1.0252, 1.0302, 1.0234, 1.0030000000000001, 1.0144, 1.0144000000000002, 1.0093999999999999, 1.0162, 1.0428000000000002, 1.0444, 1.0086, 1.0294, 1.0102, 0.9960000000000001, 0.9772000000000001, 1.013, 1.0084000000000002, 1.0076, 1.0098, 1.0156, 0.9822, 1.0010000000000001, 1.0336000000000003, 1.0524, 1.0418, 1.0418, 1.0230000000000001, 1.0058, 0.9724, 0.9772000000000001, 0.9992000000000001, 1.0068, 1.0148000000000001, 1.0294, 1.0370000000000001, 1.0500000000000003, 1.0278, 1.0052, 1.0240000000000002, 1.0240000000000002, 0.9894000000000001, 0.9894000000000001, 1.0086], "c": ["g", "g", "orange", "g", "orange", "m", "m", "r", "g", "orange", "g", "r", "r", "g", "orange", "r", "b", "g", "orange", "g", "orange", "b", "r", "b", "g", "b", "m", "g", "b", "r", "b", "orange", "g", "b", "b", "g", "b", "m", "orange", "m", "b", "orange", "b", "g", "g", "b"]}}, "metadata": {"info": {"currentPage": 0, "pageSize": 5, "totalPage": 2851, "totalItem": 14253}, "data": [{"AMP": "AMP10.000_001", "GMSC_accession": "GMSC10.SMORF.000_036_857_031", "gene_sequence": "ATGTTTTTCGGTATCGGACAGCAGGAAATGACATTAGAGGAAATTGGCGACAAATTCGGTCTCACACGTGAGCGTGTCCGCCAGATTAAAGAAAAAGCAATCAGAAGATTAAGACAAAGTAATCGTAGCAAATTGCTCAAATCTTATTTGGGATAA", "sample": "SAMEA104142073", "specI": "specI_v3_Cluster1577", "is_metagenomic": true, "geographic_location": "China", "latitude": 23.1271, "longitude": 113.2828, "general_envo_name": "human gut", "environment_material": "feces [ENVO:00002003]", "microbial_source_d": "Bacteria", "microbial_source_p": "Bacteroidota", "microbial_source_c": "Bacteroidia", "microbial_source_o": "Bacteroidales", "microbial_source_f": "Bacteroidaceae", "microbial_source_g": "Bacteroides", "microbial_source_s": "Bacteroides eggerthii"}, {"AMP": "AMP10.000_001", "GMSC_accession": "GMSC10.SMORF.000_036_886_308", "gene_sequence": "ATGTTTTTCGGTATCGGACAGCAGGAAATGACATTAGAGGAAATCGGCGACAAATTCGGTCTCACACGTGAGCGTGTCCGCCAGATTAAGGAAAAAGCAATCAGAAGATTAAGACAAAGTAATCGTAGTAAATTGCTCAAATCTTATTTGGGATAA", "sample": "SAMEA104142074", "specI": "specI_v3_Cluster1579", "is_metagenomic": true, "geographic_location": "China", "latitude": 23.1271, "longitude": 113.2828, "general_envo_name": "human gut", "environment_material": "feces [ENVO:00002003]", "microbial_source_d": "Bacteria", "microbial_source_p": "Bacteroidota", "microbial_source_c": "Bacteroidia", "microbial_source_o": "Bacteroidales", "microbial_source_f": "Bacteroidaceae", "microbial_source_g": "Bacteroides", "microbial_source_s": "Bacteroides stercoris"}, {"AMP": "AMP10.000_001", "GMSC_accession": "GMSC10.SMORF.000_036_886_962", "gene_sequence": "ATGTTTTTCGGTATCGGACAGCAGGAAATGACATTAGAGGAAATCGGCGACAAATTCGGCTTGACCCGTGAGCGTGTGCGTCAGATTAAGGAAAAGGCTATTAGAAGATTAAGACAAAGTAATCGTAGTAAATTGCTCAAATCTTATTTGGGATAA", "sample": "SAMEA104142074", "specI": null, "is_metagenomic": true, "geographic_location": "China", "latitude": 23.1271, "longitude": 113.2828, "general_envo_name": "human gut", "environment_material": "feces [ENVO:00002003]", "microbial_source_d": "Bacteria", "microbial_source_p": "Bacteroidota", "microbial_source_c": "Bacteroidia", "microbial_source_o": "Bacteroidales", "microbial_source_f": "Bacteroidaceae", "microbial_source_g": "Bacteroides", "microbial_source_s": null}, {"AMP": "AMP10.000_001", "GMSC_accession": "GMSC10.SMORF.000_036_938_799", "gene_sequence": "ATGTTTTTCGGTATCGGACAGCAGGAAATGACATTAGAGGAAATTGGCGACAAATTCGGTCTCACACGTGAGCGTGTCCGCCAGATTAAAGAAAAAGCAATCAGAAGATTAAGACAAAGTAATCGTAGCAAATTGCTCAAATCTTATTTGGGATAA", "sample": "SAMEA104142075", "specI": "specI_v3_Cluster1577", "is_metagenomic": true, "geographic_location": "China", "latitude": 23.1271, "longitude": 113.2828, "general_envo_name": "human gut", "environment_material": "feces [ENVO:00002003]", "microbial_source_d": "Bacteria", "microbial_source_p": "Bacteroidota", "microbial_source_c": "Bacteroidia", "microbial_source_o": "Bacteroidales", "microbial_source_f": "Bacteroidaceae", "microbial_source_g": "Bacteroides", "microbial_source_s": "Bacteroides eggerthii"}, {"AMP": "AMP10.000_001", "GMSC_accession": "GMSC10.SMORF.000_036_938_807", "gene_sequence": "ATGTTTTTCGGTATCGGACAGCAGGAAATGACATTAGAGGAAATCGGCGACAAATTCGGCTTGACCCGTGAGCGTGTGCGTCAGATTAAGGAAAAAGCAATCAGAAGATTAAGACAAAGTAATCGTAGTAAATTGCTCAAATCTTATTTGGGATAA", "sample": "SAMEA104142075", "specI": "specI_v3_Cluster1579", "is_metagenomic": true, "geographic_location": "China", "latitude": 23.1271, "longitude": 113.2828, "general_envo_name": "human gut", "environment_material": "feces [ENVO:00002003]", "microbial_source_d": "Bacteria", "microbial_source_p": "Bacteroidota", "microbial_source_c": "Bacteroidia", "microbial_source_o": "Bacteroidales", "microbial_source_f": "Bacteroidaceae", "microbial_source_g": "Bacteroides", "microbial_source_s": "Bacteroides stercoris"}]}}, {"accession": "AMP10.000_002", "sequence": "KRVKSFFKGYMRAIEINAALMYGYRPK", "family": "SPHERE-III.009_856", "length": 27, "molecular_weight": 3238.870000000001, "isoelectric_point": 10.377298545837402, "charge": 5.755889069469504, "aromaticity": 0.18518518518518517, "instability_index": 49.02222222222221, "gravy": -0.4222222222222223, "Antifam": "Passed", "RNAcode": "Failed", "metaproteomes": "Failed", "metatranscriptomes": "Passed", "coordinates": "Passed", "secondary_structure": {"helix": 0.3333333333333333, "turn": 0.18518518518518517, "sheet": 0.25925925925925924}, "feature_graph_points": {"transfer_energy": {"type": "line plot", "x": ["K0", "R1", "V2", "K3", "S4", "F5", "F6", "K7", "G8", "Y9", "M10", "R11", "A12", "I13", "E14", "I15", "N16", "A17", "A18", "L19", "M20", "Y21", "G22"], "y": [5.076, 3.3699999999999997, -0.20999999999999988, 1.7079999999999997, 0.40999999999999986, -0.242, -0.1160000000000001, 3.464, 1.9920000000000002, 1.1959999999999997, 2.53, 2.016, 0.36, 0.35999999999999976, 0.9819999999999999, -1.364, -0.8500000000000003, -2.15, -1.9760000000000002, -1.586, 2.382, 2.8520000000000003, 3.9339999999999997], "c": ["b", "b", "g", "b", "orange", "g", "g", "b", "orange", "g", "g", "b", "orange", "g", "r", "g", "m", "orange", "orange", "g", "g", "g", "orange"]}, "hydrophobicity_parker": {"type": "line plot", "x": ["K0", "R1", "V2", "K3", "S4", "F5", "F6", "K7", "G8", "Y9", "M10", "R11", "A12", "I13", "E14", "I15", "N16", "A17", "A18", "L19", "M20", "Y21", "G22"], "y": [0.316, 0.465, 0.599, 0.505, 0.505, 0.589, 0.5389999999999999, 0.40499999999999997, 0.441, 0.5780000000000001, 0.481, 0.5189999999999999, 0.491, 0.491, 0.38999999999999996, 0.5599999999999999, 0.522, 0.611, 0.575, 0.615, 0.481, 0.418, 0.34199999999999997], "c": ["b", "b", "g", "b", "orange", "g", "g", "b", "orange", "g", "g", "b", "orange", "g", "r", "g", "m", "orange", "orange", "g", "g", "g", "orange"]}, "surface_accessibility": {"type": "line plot", "x": ["K0", "R1", "V2", "K3", "S4", "F5", "F6", "K7", "G8", "Y9", "M10", "R11", "A12", "I13", "E14", "I15", "N16", "A17", "A18", "L19", "M20", "Y21", "G22"], "y": [1.2571999999999999, 1.0872, 0.9311999999999999, 1.1190000000000002, 0.9528000000000001, 0.9475999999999999, 0.9513999999999999, 1.1074000000000002, 0.9614, 0.9391999999999999, 1.0104, 0.9882, 0.9523999999999999, 0.9523999999999999, 0.9948, 0.8263999999999999, 0.8486, 0.8071999999999999, 0.787, 0.8417999999999999, 1.0162, 1.1206, 1.2117999999999998], "c": ["b", "b", "g", "b", "orange", "g", "g", "b", "orange", "g", "g", "b", "orange", "g", "r", "g", "m", "orange", "orange", "g", "g", "g", "orange"]}, "flexibility": {"type": "line plot", "x": ["K0", "R1", "V2", "K3", "S4", "F5", "F6", "K7", "G8", "Y9", "M10", "R11", "A12", "I13", "E14", "I15", "N16", "A17", "A18", "L19", "M20", "Y21", "G22"], "y": [1.0378000000000003, 1.0004000000000002, 0.9818000000000001, 1.016, 1.0018, 0.9784, 0.9858, 1.0044, 0.9808, 0.96, 0.993, 0.9879999999999999, 0.9960000000000001, 0.9960000000000001, 1.0074, 0.9756, 0.9806000000000001, 0.9568000000000001, 0.9662, 0.9551999999999999, 0.9698, 0.9892, 1.0238], "c": ["b", "b", "g", "b", "orange", "g", "g", "b", "orange", "g", "g", "b", "orange", "g", "r", "g", "m", "orange", "orange", "g", "g", "g", "orange"]}}, "metadata": {"info": {"currentPage": 0, "pageSize": 5, "totalPage": 2472, "totalItem": 12358}, "data": [{"AMP": "AMP10.000_002", "GMSC_accession": "GMSC10.SMORF.000_000_962_655", "gene_sequence": "ATGAAAAGAGTAAAAAGTTTTTTCAAAGGATATATGAGGGCTATTGAAATTAATGCCGCATTAATGTATGGTTATAGACCTAAATAA", "sample": "435590.SAMN02604309", "specI": "specI_v3_Cluster2367", "is_metagenomic": true, "geographic_location": "", "latitude": null, "longitude": null, "general_envo_name": "Progenomes", "environment_material": "", "microbial_source_d": "Bacteria", "microbial_source_p": "Bacteroidota", "microbial_source_c": "Bacteroidia", "microbial_source_o": "Bacteroidales", "microbial_source_f": "Bacteroidaceae", "microbial_source_g": "Phocaeicola", "microbial_source_s": "Phocaeicola dorei"}, {"AMP": "AMP10.000_002", "GMSC_accession": "GMSC10.SMORF.000_001_397_689", "gene_sequence": "TTATTTAGGTCTATAACCATACATTAATGCGGCATTAATTTCAATAGCCCTCATATATCCTTTGAAAAAACTTTTTACTCTTTTCAT", "sample": "457394.SAMN02463694", "specI": "specI_v3_Cluster2367", "is_metagenomic": true, "geographic_location": "", "latitude": null, "longitude": null, "general_envo_name": "Progenomes", "environment_material": "", "microbial_source_d": "Bacteria", "microbial_source_p": "Bacteroidota", "microbial_source_c": "Bacteroidia", "microbial_source_o": "Bacteroidales", "microbial_source_f": "Bacteroidaceae", "microbial_source_g": "Phocaeicola", "microbial_source_s": "Phocaeicola vulgatus"}, {"AMP": "AMP10.000_002", "GMSC_accession": "GMSC10.SMORF.000_001_600_200", "gene_sequence": "TTATTTAGGTCTATAACCATACATTAATGCGGCATTAATTTCAATAGCCCTCATATATCCTTTGAAAAAACTTTTTACTCTTTTCAT", "sample": "469593.SAMN02463762", "specI": "specI_v3_Cluster2367", "is_metagenomic": true, "geographic_location": "", "latitude": null, "longitude": null, "general_envo_name": "Progenomes", "environment_material": "", "microbial_source_d": "Bacteria", "microbial_source_p": "Bacteroidota", "microbial_source_c": "Bacteroidia", "microbial_source_o": "Bacteroidales", "microbial_source_f": "Bacteroidaceae", "microbial_source_g": "Phocaeicola", "microbial_source_s": "Phocaeicola vulgatus"}, {"AMP": "AMP10.000_002", "GMSC_accession": "GMSC10.SMORF.000_001_968_477", "gene_sequence": "TTATTTAGGTCTATAACCATACATTAATGCGGCATTAATTTCAATAGCCCTCATATATCCTTTGAAAAAACTTTTTACTCTTTTCAT", "sample": "997891.SAMN02463934", "specI": "specI_v3_Cluster2367", "is_metagenomic": true, "geographic_location": "", "latitude": null, "longitude": null, "general_envo_name": "Progenomes", "environment_material": "", "microbial_source_d": "Bacteria", "microbial_source_p": "Bacteroidota", "microbial_source_c": "Bacteroidia", "microbial_source_o": "Bacteroidales", "microbial_source_f": "Bacteroidaceae", "microbial_source_g": "Phocaeicola", "microbial_source_s": "Phocaeicola vulgatus"}, {"AMP": "AMP10.000_002", "GMSC_accession": "GMSC10.SMORF.000_002_716_083", "gene_sequence": "ATGAAAAGAGTAAAAAGTTTTTTCAAAGGATATATGAGGGCTATTGAAATTAATGCCGCATTAATGTATGGTTATAGACCTAAATAA", "sample": "1235786.SAMN01730984", "specI": "specI_v3_Cluster2367", "is_metagenomic": true, "geographic_location": "", "latitude": null, "longitude": null, "general_envo_name": "Progenomes", "environment_material": "", "microbial_source_d": "Bacteria", "microbial_source_p": "Bacteroidota", "microbial_source_c": "Bacteroidia", "microbial_source_o": "Bacteroidales", "microbial_source_f": "Bacteroidaceae", "microbial_source_g": "Phocaeicola", "microbial_source_s": "Phocaeicola vulgatus"}]}}, {"accession": "AMP10.000_003", "sequence": "GRVIGKQGRIAKAIRVVMRAAAVRVDEKVLVEID", "family": "SPHERE-III.000_200", "length": 34, "molecular_weight": 3717.437099999999, "isoelectric_point": 10.87815341949463, "charge": 3.7680979591257087, "aromaticity": 0.0, "instability_index": 10.691176470588236, "gravy": 0.27058823529411763, "Antifam": "Passed", "RNAcode": "Passed", "metaproteomes": "Passed", "metatranscriptomes": "Passed", "coordinates": "Passed", "secondary_structure": {"helix": 0.3529411764705882, "turn": 0.08823529411764706, "sheet": 0.2647058823529412}, "feature_graph_points": {"transfer_energy": {"type": "line plot", "x": ["G0", "R1", "V2", "I3", "G4", "K5", "Q6", "G7", "R8", "I9", "A10", "K11", "A12", "I13", "R14", "V15", "V16", "M17", "R18", "A19", "A20", "A21", "V22", "R23", "V24", "D25", "E26", "K27", "V28", "L29"], "y": [0.8160000000000002, 2.114, 0.238, 0.858, 4.826, 4.029999999999999, 2.5580000000000003, 2.5599999999999996, 2.3859999999999997, -1.5820000000000003, 2.3859999999999997, 1.94, 0.021999999999999888, -0.08600000000000012, 3.882, 0.5359999999999998, 0.982, 1.4279999999999997, 1.0899999999999999, 1.0899999999999999, 0.6439999999999999, 2.75, 4.474, 6.392, 2.6, 2.4240000000000004, -0.1280000000000001, -0.1280000000000001, -2.2220000000000004, 0.3299999999999999], "c": ["orange", "b", "g", "g", "orange", "b", "m", "orange", "b", "g", "orange", "b", "orange", "g", "b", "g", "g", "g", "b", "orange", "orange", "orange", "g", "b", "g", "r", "r", "b", "g", "g"]}, "hydrophobicity_parker": {"type": "line plot", "x": ["G0", "R1", "V2", "I3", "G4", "K5", "Q6", "G7", "R8", "I9", "A10", "K11", "A12", "I13", "R14", "V15", "V16", "M17", "R18", "A19", "A20", "A21", "V22", "R23", "V24", "D25", "E26", "K27", "V28", "L29"], "y": [0.46099999999999997, 0.461, 0.44299999999999995, 0.34900000000000003, 0.227, 0.364, 0.4, 0.403, 0.43900000000000006, 0.5609999999999999, 0.43900000000000006, 0.497, 0.591, 0.654, 0.532, 0.553, 0.495, 0.437, 0.43200000000000005, 0.43200000000000005, 0.49000000000000005, 0.41100000000000003, 0.354, 0.26, 0.3390000000000001, 0.394, 0.531, 0.531, 0.668, 0.5309999999999999], "c": ["orange", "b", "g", "g", "orange", "b", "m", "orange", "b", "g", "orange", "b", "orange", "g", "b", "g", "g", "g", "b", "orange", "orange", "orange", "g", "b", "g", "r", "r", "b", "g", "g"]}, "surface_accessibility": {"type": "line plot", "x": ["G0", "R1", "V2", "I3", "G4", "K5", "Q6", "G7", "R8", "I9", "A10", "K11", "A12", "I13", "R14", "V15", "V16", "M17", "R18", "A19", "A20", "A21", "V22", "R23", "V24", "D25", "E26", "K27", "V28", "L29"], "y": [0.8224, 0.9885999999999999, 0.9632000000000002, 0.9848000000000001, 1.1592, 1.137, 0.991, 1.0303999999999998, 1.0506, 0.8762000000000001, 1.0506, 1.0088, 0.8210000000000001, 0.8008, 0.9751999999999998, 0.8431999999999998, 0.885, 0.9268000000000001, 0.9052, 0.9052, 0.8634000000000001, 0.9570000000000001, 1.083, 1.2708, 1.097, 1.0964, 0.961, 0.961, 0.7726, 0.908], "c": ["orange", "b", "g", "g", "orange", "b", "m", "orange", "b", "g", "orange", "b", "orange", "g", "b", "g", "g", "g", "b", "orange", "orange", "orange", "g", "b", "g", "r", "r", "b", "g", "g"]}, "flexibility": {"type": "line plot", "x": ["G0", "R1", "V2", "I3", "G4", "K5", "Q6", "G7", "R8", "I9", "A10", "K11", "A12", "I13", "R14", "V15", "V16", "M17", "R18", "A19", "A20", "A21", "V22", "R23", "V24", "D25", "E26", "K27", "V28", "L29"], "y": [0.9856, 0.9998000000000001, 1.0055999999999998, 1.0256, 1.0417999999999998, 1.021, 0.9974000000000001, 1.0104, 1.001, 0.9848000000000001, 1.001, 0.9904, 0.9562000000000002, 0.9498000000000001, 0.966, 0.9612, 0.9718, 0.9823999999999999, 0.9782, 0.9782, 0.9676, 0.9844000000000002, 1.0064000000000002, 1.0406000000000002, 1.0252000000000001, 1.0260000000000002, 0.9986, 0.9986, 0.9635999999999999, 0.991], "c": ["orange", "b", "g", "g", "orange", "b", "m", "orange", "b", "g", "orange", "b", "orange", "g", "b", "g", "g", "g", "b", "orange", "orange", "orange", "g", "b", "g", "r", "r", "b", "g", "g"]}}, "metadata": {"info": {"currentPage": 0, "pageSize": 5, "totalPage": 2373, "totalItem": 11862}, "data": [{"AMP": "AMP10.000_003", "GMSC_accession": "GMSC10.SMORF.000_036_795_333", "gene_sequence": "ATGGGCCGTGTCATCGGCAAGCAGGGCCGGATCGCAAAAGCCATTCGTGTGGTGATGCGCGCGGCTGCTGTGCGGGTCGATGAAAAGGTCCTTGTTGAGATCGACTGA", "sample": "SAMEA104142072", "specI": "specI_v3_Cluster6108", "is_metagenomic": true, "geographic_location": "China", "latitude": 23.1271, "longitude": 113.2828, "general_envo_name": "human gut", "environment_material": "feces [ENVO:00002003]", "microbial_source_d": null, "microbial_source_p": null, "microbial_source_c": null, "microbial_source_o": null, "microbial_source_f": null, "microbial_source_g": null, "microbial_source_s": null}, {"AMP": "AMP10.000_003", "GMSC_accession": "GMSC10.SMORF.000_036_796_135", "gene_sequence": "ATGGGCCGTGTCATCGGCAAGCAGGGCCGGATCGCAAAAGCCATTCGTGTGGTGATGCGCGCGGCTGCTGTGCGGGTCGATGAAAAGGTCCTTGTTGAGATCGACTAA", "sample": "SAMEA104142072", "specI": "specI_v3_Cluster6112", "is_metagenomic": true, "geographic_location": "China", "latitude": 23.1271, "longitude": 113.2828, "general_envo_name": "human gut", "environment_material": "feces [ENVO:00002003]", "microbial_source_d": null, "microbial_source_p": null, "microbial_source_c": null, "microbial_source_o": null, "microbial_source_f": null, "microbial_source_g": null, "microbial_source_s": null}, {"AMP": "AMP10.000_003", "GMSC_accession": "GMSC10.SMORF.000_036_897_666", "gene_sequence": "ATGGGCCGTGTCATCGGCAAGCAGGGCCGGATCGCAAAAGCCATTCGTGTGGTGATGCGCGCGGCTGCTGTGCGGGTCGATGAAAAGGTCCTTGTTGAGATCGACTAA", "sample": "SAMEA104142074", "specI": "specI_v3_Cluster6112", "is_metagenomic": true, "geographic_location": "China", "latitude": 23.1271, "longitude": 113.2828, "general_envo_name": "human gut", "environment_material": "feces [ENVO:00002003]", "microbial_source_d": null, "microbial_source_p": null, "microbial_source_c": null, "microbial_source_o": null, "microbial_source_f": null, "microbial_source_g": null, "microbial_source_s": null}, {"AMP": "AMP10.000_003", "GMSC_accession": "GMSC10.SMORF.000_037_109_183", "gene_sequence": "ATGGGCCGTGTCATCGGCAAGCAGGGCCGGATCGCAAAAGCCATTCGTGTGGTGATGCGCGCGGCTGCTGTGCGGGTCGATGAAAAGGTCCTTGTTGAGATCGACTGA", "sample": "SAMEA104142078", "specI": null, "is_metagenomic": true, "geographic_location": "China", "latitude": 23.1271, "longitude": 113.2828, "general_envo_name": "human gut", "environment_material": "feces [ENVO:00002003]", "microbial_source_d": "Bacteria", "microbial_source_p": "Firmicutes_A", "microbial_source_c": "Clostridia", "microbial_source_o": "Oscillospirales", "microbial_source_f": "Ruminococcaceae", "microbial_source_g": "Faecalibacterium", "microbial_source_s": null}, {"AMP": "AMP10.000_003", "GMSC_accession": "GMSC10.SMORF.000_037_156_679", "gene_sequence": "ATGGGCCGTGTCATCGGCAAGCAGGGCCGGATCGCAAAAGCCATTCGTGTGGTGATGCGCGCGGCTGCTGTGCGGGTCGATGAAAAGGTCCTTGTTGAGATCGACTGA", "sample": "SAMEA104142080", "specI": null, "is_metagenomic": true, "geographic_location": "China", "latitude": 23.1271, "longitude": 113.2828, "general_envo_name": "human gut", "environment_material": "feces [ENVO:00002003]", "microbial_source_d": "Bacteria", "microbial_source_p": "Firmicutes_A", "microbial_source_c": "Clostridia", "microbial_source_o": "Oscillospirales", "microbial_source_f": "Ruminococcaceae", "microbial_source_g": "Faecalibacterium", "microbial_source_s": null}]}}, {"accession": "AMP10.000_004", "sequence": "KLRKILKSMFNNYCKTFKDVPPGNMFR", "family": "SPHERE-III.002_473", "length": 27, "molecular_weight": 3276.9396000000006, "isoelectric_point": 10.304062461853025, "charge": 5.745307379236131, "aromaticity": 0.14814814814814814, "instability_index": 24.588888888888892, "gravy": -0.6629629629629631, "Antifam": "Passed", "RNAcode": "Passed", "metaproteomes": "Failed", "metatranscriptomes": "Failed", "coordinates": "Passed", "secondary_structure": {"helix": 0.2962962962962963, "turn": 0.25925925925925924, "sheet": 0.14814814814814814}, "feature_graph_points": {"transfer_energy": {"type": "line plot", "x": ["K0", "L1", "R2", "K3", "I4", "L5", "K6", "S7", "M8", "F9", "N10", "N11", "Y12", "C13", "K14", "T15", "F16", "K17", "D18", "V19", "P20", "P21", "G22"], "y": [3.2359999999999998, 1.142, 3.2359999999999998, 0.9319999999999997, -0.6479999999999999, -0.26000000000000023, 2.052, 2.2699999999999996, 1.6179999999999999, 1.832, 3.5379999999999994, 2.7239999999999998, 0.8, 1.8820000000000001, 3.882, 1.964, 1.45, 2.0460000000000003, 0.7480000000000002, 0.33199999999999996, 0.6699999999999998, 0.07400000000000002, 3.0580000000000003], "c": ["b", "g", "b", "b", "g", "g", "b", "orange", "g", "g", "m", "m", "g", "g", "b", "orange", "g", "b", "r", "g", "g", "g", "orange"]}, "hydrophobicity_parker": {"type": "line plot", "x": ["K0", "L1", "R2", "K3", "I4", "L5", "K6", "S7", "M8", "F9", "N10", "N11", "Y12", "C13", "K14", "T15", "F16", "K17", "D18", "V19", "P20", "P21", "G22"], "y": [0.516, 0.6649999999999999, 0.516, 0.493, 0.592, 0.6039999999999999, 0.442, 0.429, 0.513, 0.45699999999999996, 0.308, 0.32599999999999996, 0.4879999999999999, 0.41200000000000003, 0.32599999999999996, 0.42000000000000004, 0.45099999999999996, 0.33799999999999997, 0.338, 0.368, 0.373, 0.48599999999999993, 0.46499999999999997], "c": ["b", "g", "b", "b", "g", "g", "b", "orange", "g", "g", "m", "m", "g", "g", "b", "orange", "g", "b", "r", "g", "g", "g", "orange"]}, "surface_accessibility": {"type": "line plot", "x": ["K0", "L1", "R2", "K3", "I4", "L5", "K6", "S7", "M8", "F9", "N10", "N11", "Y12", "C13", "K14", "T15", "F16", "K17", "D18", "V19", "P20", "P21", "G22"], "y": [1.1542, 0.9658000000000001, 1.1542, 1.0821999999999998, 0.916, 0.9343999999999999, 1.073, 1.0231999999999999, 1.018, 0.954, 1.124, 1.1016, 0.9814, 1.0726, 1.2504000000000002, 1.0626, 1.073, 1.1812, 1.0150000000000001, 1.0176, 1.0392, 0.931, 0.9788], "c": ["b", "g", "b", "b", "g", "g", "b", "orange", "g", "g", "m", "m", "g", "g", "b", "orange", "g", "b", "r", "g", "g", "g", "orange"]}, "flexibility": {"type": "line plot", "x": ["K0", "L1", "R2", "K3", "I4", "L5", "K6", "S7", "M8", "F9", "N10", "N11", "Y12", "C13", "K14", "T15", "F16", "K17", "D18", "V19", "P20", "P21", "G22"], "y": [1.0148, 0.9814, 1.0148, 1.0224, 0.9924000000000002, 0.99, 1.0126000000000002, 1.0018, 0.9784, 0.9692000000000001, 1.0066000000000002, 0.9964000000000001, 0.9698, 1.0044, 1.0368, 1.0026, 1.0130000000000001, 1.0398, 1.0256, 1.0216, 1.0257999999999998, 0.999, 0.9907999999999999], "c": ["b", "g", "b", "b", "g", "g", "b", "orange", "g", "g", "m", "m", "g", "g", "b", "orange", "g", "b", "r", "g", "g", "g", "orange"]}}, "metadata": {"info": {"currentPage": 0, "pageSize": 5, "totalPage": 2361, "totalItem": 11804}, "data": [{"AMP": "AMP10.000_004", "GMSC_accession": "GMSC10.SMORF.000_000_000_949", "gene_sequence": "ATGAAACTGCGCAAAATACTGAAAAGTATGTTCAATAACTATTGCAAGACGTTCAAAGACGTACCGCCAGGCAATATGTTCCGATAA", "sample": "344610.PRJNA15639", "specI": "specI_v3_Cluster95", "is_metagenomic": true, "geographic_location": "", "latitude": null, "longitude": null, "general_envo_name": "Progenomes", "environment_material": "", "microbial_source_d": "Bacteria", "microbial_source_p": "Proteobacteria", "microbial_source_c": "Gammaproteobacteria", "microbial_source_o": "Enterobacterales", "microbial_source_f": "Enterobacteriaceae", "microbial_source_g": "Escherichia", "microbial_source_s": "Escherichia flexneri"}, {"AMP": "AMP10.000_004", "GMSC_accession": "GMSC10.SMORF.000_000_006_908", "gene_sequence": "TTATCGGAACATATTGCCTGGCGGTACGTCTTTGAACGTCTTGCAATAGTTATTGAACATACTTTTCAGGATTTTGCGCAGTTTCAT", "sample": "475609.PRJEB50", "specI": "specI_v3_Cluster95", "is_metagenomic": true, "geographic_location": "", "latitude": null, "longitude": null, "general_envo_name": "Progenomes", "environment_material": "", "microbial_source_d": "Bacteria", "microbial_source_p": "Proteobacteria", "microbial_source_c": "Gammaproteobacteria", "microbial_source_o": "Enterobacterales", "microbial_source_f": "Enterobacteriaceae", "microbial_source_g": "Escherichia", "microbial_source_s": "Escherichia flexneri"}, {"AMP": "AMP10.000_004", "GMSC_accession": "GMSC10.SMORF.000_000_008_372", "gene_sequence": "TTATCGGAACATATTGCCTGGCGGTACGTCTTTGAACGTCTTGCAATAGTTATTGAACATACTTTTCAGGATTTTGCGCAGTTTCAT", "sample": "562.PRJEB51", "specI": "specI_v3_Cluster95", "is_metagenomic": true, "geographic_location": "", "latitude": null, "longitude": null, "general_envo_name": "Progenomes", "environment_material": "", "microbial_source_d": "Bacteria", "microbial_source_p": "Proteobacteria", "microbial_source_c": "Gammaproteobacteria", "microbial_source_o": "Enterobacterales", "microbial_source_f": "Enterobacteriaceae", "microbial_source_g": "Escherichia", "microbial_source_s": "Escherichia flexneri"}, {"AMP": "AMP10.000_004", "GMSC_accession": "GMSC10.SMORF.000_000_043_707", "gene_sequence": "TTATCGGAACATATTGCCTGGCGGTACGTCTTTGAACGTCTTGCAATAGTTATTGAACATACTTTTCAGGATCTTACGCAGTTTCAT", "sample": "1263075.PRJEB867", "specI": "specI_v3_Cluster95", "is_metagenomic": true, "geographic_location": "", "latitude": null, "longitude": null, "general_envo_name": "Progenomes", "environment_material": "", "microbial_source_d": "Bacteria", "microbial_source_p": "Proteobacteria", "microbial_source_c": "Gammaproteobacteria", "microbial_source_o": "Enterobacterales", "microbial_source_f": "Enterobacteriaceae", "microbial_source_g": "Escherichia", "microbial_source_s": "Escherichia coli"}, {"AMP": "AMP10.000_004", "GMSC_accession": "GMSC10.SMORF.000_000_099_887", "gene_sequence": "TTATCGGAACATATTGCCTGGCGGTACGTCTTTGAACGTCTTGCAATAGTTATTGAACATACTTTTCAGGATCTTGCGCAGTTTCAT", "sample": "1382700.PRJEB4437", "specI": "specI_v3_Cluster95", "is_metagenomic": true, "geographic_location": "", "latitude": null, "longitude": null, "general_envo_name": "Progenomes", "environment_material": "", "microbial_source_d": "Bacteria", "microbial_source_p": "Proteobacteria", "microbial_source_c": "Gammaproteobacteria", "microbial_source_o": "Enterobacterales", "microbial_source_f": "Enterobacteriaceae", "microbial_source_g": "Escherichia", "microbial_source_s": "Escherichia coli"}]}}]}