{"accession": "SPHERE-III.000_264", "consensus_sequence": "LVVGSIGVGGLXRVLMLXLXXXXXREXTYLFRGPXRLXP", "num_amps": 64, "downloads": {"alignment": "https://ampsphere-api.big-data-biology.org/v1/families/SPHERE-III.000_264/downloads/SPHERE-III.000_264.aln", "sequences": "https://ampsphere-api.big-data-biology.org/v1/families/SPHERE-III.000_264/downloads/SPHERE-III.000_264.faa", "hmm_profile": "https://ampsphere-api.big-data-biology.org/v1/families/SPHERE-III.000_264/downloads/SPHERE-III.000_264.hmm", "tree_figure": "https://ampsphere-api.big-data-biology.org/v1/families/SPHERE-III.000_264/downloads/SPHERE-III.000_264.ascii", "tree_nwk": "https://ampsphere-api.big-data-biology.org/v1/families/SPHERE-III.000_264/downloads/SPHERE-III.000_264.nwk"}, "associated_amps": ["AMP10.020_372", "AMP10.022_391", "AMP10.024_897", "AMP10.027_944", "AMP10.029_757", "AMP10.033_986", "AMP10.039_600", "AMP10.043_042", "AMP10.052_154", "AMP10.052_155", "AMP10.058_039", "AMP10.058_040", "AMP10.058_041", "AMP10.065_367", "AMP10.065_372", "AMP10.074_445", "AMP10.085_932", "AMP10.101_418", "AMP10.101_419", "AMP10.122_931", "AMP10.122_932", "AMP10.122_933", "AMP10.122_934", "AMP10.122_935", "AMP10.154_226", "AMP10.154_227", "AMP10.154_228", "AMP10.154_250", "AMP10.203_724", "AMP10.203_725", "AMP10.203_726", "AMP10.203_750", "AMP10.203_755", "AMP10.292_255", "AMP10.292_256", "AMP10.292_257", "AMP10.292_258", "AMP10.292_259", "AMP10.292_279", "AMP10.292_306", "AMP10.292_309", "AMP10.292_318", "AMP10.292_319", "AMP10.292_320", "AMP10.432_297", "AMP10.494_122", "AMP10.494_932", "AMP10.494_933", "AMP10.494_934", "AMP10.494_935", "AMP10.494_936", "AMP10.494_938", "AMP10.494_939", "AMP10.494_940", "AMP10.494_941", "AMP10.494_987", "AMP10.495_087", "AMP10.495_104", "AMP10.495_106", "AMP10.495_107", "AMP10.495_108", "AMP10.495_109", "AMP10.495_110", "AMP10.678_750"], "feature_statistics": {"AMP10.020_372": {"MW": 3509.24, "Length": 30.0, "Molar_extinction": {"cysteines_reduced": 1490.0, "cystines_residues": 1490.0}, "Aromaticity": 0.067, "GRAVY": 0.233, "Instability_index": 32.517, "Isoelectric_point": 11.539, "Charge_at_pH_7": 2.849, "Secondary_structure": {"helix": 0.4, "turn": 0.233, "sheet": 0.4}, "graph_points": null}, "AMP10.022_391": {"MW": 3356.98, "Length": 30.0, "Molar_extinction": {"cysteines_reduced": 1490.0, "cystines_residues": 1490.0}, "Aromaticity": 0.067, "GRAVY": 0.38, "Instability_index": 23.267, "Isoelectric_point": 10.667, "Charge_at_pH_7": 1.763, "Secondary_structure": {"helix": 0.4, "turn": 0.2, "sheet": 0.367}, "graph_points": null}, "AMP10.024_897": {"MW": 3467.16, "Length": 30.0, "Molar_extinction": {"cysteines_reduced": 1490.0, "cystines_residues": 1490.0}, "Aromaticity": 0.067, "GRAVY": 0.19, "Instability_index": 34.323, "Isoelectric_point": 11.539, "Charge_at_pH_7": 2.849, "Secondary_structure": {"helix": 0.367, "turn": 0.233, "sheet": 0.367}, "graph_points": null}, "AMP10.027_944": {"MW": 3469.133, "Length": 30.0, "Molar_extinction": {"cysteines_reduced": 1490.0, "cystines_residues": 1490.0}, "Aromaticity": 0.067, "GRAVY": 0.223, "Instability_index": 10.427, "Isoelectric_point": 10.667, "Charge_at_pH_7": 1.852, "Secondary_structure": {"helix": 0.367, "turn": 0.167, "sheet": 0.4}, "graph_points": null}, "AMP10.029_757": {"MW": 3329.954, "Length": 30.0, "Molar_extinction": {"cysteines_reduced": 1490.0, "cystines_residues": 1490.0}, "Aromaticity": 0.067, "GRAVY": 0.47, "Instability_index": 20.753, "Isoelectric_point": 10.667, "Charge_at_pH_7": 1.765, "Secondary_structure": {"helix": 0.4, "turn": 0.233, "sheet": 0.4}, "graph_points": null}, "AMP10.033_986": {"MW": 3479.214, "Length": 30.0, "Molar_extinction": {"cysteines_reduced": 1490.0, "cystines_residues": 1490.0}, "Aromaticity": 0.067, "GRAVY": 0.34, "Instability_index": 40.743, "Isoelectric_point": 11.539, "Charge_at_pH_7": 2.849, "Secondary_structure": {"helix": 0.4, "turn": 0.233, "sheet": 0.4}, "graph_points": null}, "AMP10.039_600": {"MW": 3359.019, "Length": 30.0, "Molar_extinction": {"cysteines_reduced": 0.0, "cystines_residues": 0.0}, "Aromaticity": 0.067, "GRAVY": 0.453, "Instability_index": 27.38, "Isoelectric_point": 11.523, "Charge_at_pH_7": 1.764, "Secondary_structure": {"helix": 0.367, "turn": 0.2, "sheet": 0.367}, "graph_points": null}, "AMP10.043_042": {"MW": 3452.208, "Length": 30.0, "Molar_extinction": {"cysteines_reduced": 1490.0, "cystines_residues": 1490.0}, "Aromaticity": 0.067, "GRAVY": 0.38, "Instability_index": 35.083, "Isoelectric_point": 11.554, "Charge_at_pH_7": 3.761, "Secondary_structure": {"helix": 0.433, "turn": 0.233, "sheet": 0.4}, "graph_points": null}, "AMP10.052_154": {"MW": 3388.057, "Length": 30.0, "Molar_extinction": {"cysteines_reduced": 1490.0, "cystines_residues": 1490.0}, "Aromaticity": 0.067, "GRAVY": 0.297, "Instability_index": 14.333, "Isoelectric_point": 10.667, "Charge_at_pH_7": 1.765, "Secondary_structure": {"helix": 0.367, "turn": 0.233, "sheet": 0.367}, "graph_points": null}, "AMP10.052_155": {"MW": 3478.186, "Length": 30.0, "Molar_extinction": {"cysteines_reduced": 0.0, "cystines_residues": 0.0}, "Aromaticity": 0.067, "GRAVY": 0.227, "Instability_index": 20.96, "Isoelectric_point": 12.0, "Charge_at_pH_7": 2.85, "Secondary_structure": {"helix": 0.367, "turn": 0.2, "sheet": 0.367}, "graph_points": null}, "AMP10.058_039": {"MW": 3408.027, "Length": 30.0, "Molar_extinction": {"cysteines_reduced": 1490.0, "cystines_residues": 1490.0}, "Aromaticity": 0.067, "GRAVY": 0.2, "Instability_index": 16.847, "Isoelectric_point": 10.667, "Charge_at_pH_7": 1.852, "Secondary_structure": {"helix": 0.367, "turn": 0.2, "sheet": 0.367}, "graph_points": null}, "AMP10.058_040": {"MW": 3478.12, "Length": 30.0, "Molar_extinction": {"cysteines_reduced": 1490.0, "cystines_residues": 1490.0}, "Aromaticity": 0.067, "GRAVY": 0.11, "Instability_index": 23.267, "Isoelectric_point": 11.539, "Charge_at_pH_7": 2.849, "Secondary_structure": {"helix": 0.4, "turn": 0.267, "sheet": 0.267}, "graph_points": null}, "AMP10.058_041": {"MW": 3416.113, "Length": 30.0, "Molar_extinction": {"cysteines_reduced": 1490.0, "cystines_residues": 1490.0}, "Aromaticity": 0.067, "GRAVY": 0.383, "Instability_index": 23.267, "Isoelectric_point": 11.539, "Charge_at_pH_7": 2.762, "Secondary_structure": {"helix": 0.4, "turn": 0.233, "sheet": 0.367}, "graph_points": null}, "AMP10.065_367": {"MW": 3347.993, "Length": 30.0, "Molar_extinction": {"cysteines_reduced": 1490.0, "cystines_residues": 1490.0}, "Aromaticity": 0.067, "GRAVY": 0.407, "Instability_index": 20.753, "Isoelectric_point": 10.667, "Charge_at_pH_7": 1.765, "Secondary_structure": {"helix": 0.367, "turn": 0.233, "sheet": 0.4}, "graph_points": null}, "AMP10.065_372": {"MW": 3448.094, "Length": 30.0, "Molar_extinction": {"cysteines_reduced": 1490.0, "cystines_residues": 1490.0}, "Aromaticity": 0.067, "GRAVY": 0.193, "Instability_index": 29.687, "Isoelectric_point": 11.539, "Charge_at_pH_7": 2.849, "Secondary_structure": {"helix": 0.4, "turn": 0.267, "sheet": 0.3}, "graph_points": null}, "AMP10.074_445": {"MW": 3467.16, "Length": 30.0, "Molar_extinction": {"cysteines_reduced": 1490.0, "cystines_residues": 1490.0}, "Aromaticity": 0.067, "GRAVY": 0.167, "Instability_index": 26.097, "Isoelectric_point": 11.539, "Charge_at_pH_7": 2.849, "Secondary_structure": {"helix": 0.367, "turn": 0.233, "sheet": 0.4}, "graph_points": null}, "AMP10.085_932": {"MW": 3399.126, "Length": 30.0, "Molar_extinction": {"cysteines_reduced": 1490.0, "cystines_residues": 1490.0}, "Aromaticity": 0.067, "GRAVY": 0.41, "Instability_index": 32.517, "Isoelectric_point": 11.539, "Charge_at_pH_7": 2.762, "Secondary_structure": {"helix": 0.4, "turn": 0.267, "sheet": 0.433}, "graph_points": null}, "AMP10.101_418": {"MW": 3488.179, "Length": 30.0, "Molar_extinction": {"cysteines_reduced": 1490.0, "cystines_residues": 1490.0}, "Aromaticity": 0.067, "GRAVY": 0.167, "Instability_index": 13.257, "Isoelectric_point": 11.418, "Charge_at_pH_7": 2.765, "Secondary_structure": {"helix": 0.367, "turn": 0.2, "sheet": 0.433}, "graph_points": null}, "AMP10.101_419": {"MW": 3494.185, "Length": 30.0, "Molar_extinction": {"cysteines_reduced": 1490.0, "cystines_residues": 1490.0}, "Aromaticity": 0.067, "GRAVY": 0.09, "Instability_index": 16.847, "Isoelectric_point": 11.539, "Charge_at_pH_7": 2.849, "Secondary_structure": {"helix": 0.367, "turn": 0.2, "sheet": 0.367}, "graph_points": null}, "AMP10.122_931": {"MW": 3478.163, "Length": 30.0, "Molar_extinction": {"cysteines_reduced": 1490.0, "cystines_residues": 1490.0}, "Aromaticity": 0.067, "GRAVY": 0.353, "Instability_index": 23.267, "Isoelectric_point": 11.539, "Charge_at_pH_7": 2.849, "Secondary_structure": {"helix": 0.433, "turn": 0.2, "sheet": 0.367}, "graph_points": null}, "AMP10.122_932": {"MW": 3490.173, "Length": 30.0, "Molar_extinction": {"cysteines_reduced": 1490.0, "cystines_residues": 1490.0}, "Aromaticity": 0.067, "GRAVY": 0.26, "Instability_index": 29.687, "Isoelectric_point": 11.539, "Charge_at_pH_7": 2.849, "Secondary_structure": {"helix": 0.433, "turn": 0.267, "sheet": 0.3}, "graph_points": null}, "AMP10.122_933": {"MW": 3479.214, "Length": 30.0, "Molar_extinction": {"cysteines_reduced": 1490.0, "cystines_residues": 1490.0}, "Aromaticity": 0.067, "GRAVY": 0.317, "Instability_index": 32.517, "Isoelectric_point": 11.539, "Charge_at_pH_7": 2.849, "Secondary_structure": {"helix": 0.4, "turn": 0.233, "sheet": 0.433}, "graph_points": null}, "AMP10.122_934": {"MW": 3497.186, "Length": 30.0, "Molar_extinction": {"cysteines_reduced": 1490.0, "cystines_residues": 1490.0}, "Aromaticity": 0.067, "GRAVY": 0.083, "Instability_index": 26.097, "Isoelectric_point": 11.539, "Charge_at_pH_7": 2.849, "Secondary_structure": {"helix": 0.367, "turn": 0.233, "sheet": 0.367}, "graph_points": null}, "AMP10.122_935": {"MW": 3486.206, "Length": 30.0, "Molar_extinction": {"cysteines_reduced": 1490.0, "cystines_residues": 1490.0}, "Aromaticity": 0.067, "GRAVY": 0.147, "Instability_index": 40.743, "Isoelectric_point": 11.829, "Charge_at_pH_7": 3.762, "Secondary_structure": {"helix": 0.367, "turn": 0.233, "sheet": 0.367}, "graph_points": null}, "AMP10.154_226": {"MW": 3362.019, "Length": 30.0, "Molar_extinction": {"cysteines_reduced": 1490.0, "cystines_residues": 1490.0}, "Aromaticity": 0.067, "GRAVY": 0.323, "Instability_index": 10.743, "Isoelectric_point": 10.667, "Charge_at_pH_7": 1.765, "Secondary_structure": {"helix": 0.367, "turn": 0.233, "sheet": 0.4}, "graph_points": null}, "AMP10.154_227": {"MW": 3442.107, "Length": 30.0, "Molar_extinction": {"cysteines_reduced": 1490.0, "cystines_residues": 1490.0}, "Aromaticity": 0.067, "GRAVY": 0.317, "Instability_index": 10.427, "Isoelectric_point": 10.667, "Charge_at_pH_7": 1.852, "Secondary_structure": {"helix": 0.367, "turn": 0.167, "sheet": 0.4}, "graph_points": null}, "AMP10.154_228": {"MW": 3493.24, "Length": 30.0, "Molar_extinction": {"cysteines_reduced": 1490.0, "cystines_residues": 1490.0}, "Aromaticity": 0.067, "GRAVY": 0.343, "Instability_index": 34.323, "Isoelectric_point": 11.539, "Charge_at_pH_7": 2.849, "Secondary_structure": {"helix": 0.4, "turn": 0.2, "sheet": 0.4}, "graph_points": null}, "AMP10.154_250": {"MW": 3541.222, "Length": 30.0, "Molar_extinction": {"cysteines_reduced": 1490.0, "cystines_residues": 1490.0}, "Aromaticity": 0.067, "GRAVY": -0.153, "Instability_index": 22.307, "Isoelectric_point": 11.539, "Charge_at_pH_7": 2.849, "Secondary_structure": {"helix": 0.333, "turn": 0.267, "sheet": 0.333}, "graph_points": null}, "AMP10.203_724": {"MW": 3297.956, "Length": 30.0, "Molar_extinction": {"cysteines_reduced": 0.0, "cystines_residues": 0.0}, "Aromaticity": 0.067, "GRAVY": 0.693, "Instability_index": 12.027, "Isoelectric_point": 11.523, "Charge_at_pH_7": 1.766, "Secondary_structure": {"helix": 0.4, "turn": 0.2, "sheet": 0.433}, "graph_points": null}, "AMP10.203_725": {"MW": 3346.063, "Length": 30.0, "Molar_extinction": {"cysteines_reduced": 1490.0, "cystines_residues": 1490.0}, "Aromaticity": 0.067, "GRAVY": 0.567, "Instability_index": 13.257, "Isoelectric_point": 11.539, "Charge_at_pH_7": 2.762, "Secondary_structure": {"helix": 0.4, "turn": 0.233, "sheet": 0.4}, "graph_points": null}, "AMP10.203_726": {"MW": 3453.176, "Length": 30.0, "Molar_extinction": {"cysteines_reduced": 1490.0, "cystines_residues": 1490.0}, "Aromaticity": 0.067, "GRAVY": 0.467, "Instability_index": 10.427, "Isoelectric_point": 11.539, "Charge_at_pH_7": 2.849, "Secondary_structure": {"helix": 0.4, "turn": 0.167, "sheet": 0.4}, "graph_points": null}, "AMP10.203_750": {"MW": 3492.106, "Length": 30.0, "Molar_extinction": {"cysteines_reduced": 1490.0, "cystines_residues": 1490.0}, "Aromaticity": 0.067, "GRAVY": -0.007, "Instability_index": 31.493, "Isoelectric_point": 11.539, "Charge_at_pH_7": 2.849, "Secondary_structure": {"helix": 0.4, "turn": 0.267, "sheet": 0.367}, "graph_points": null}, "AMP10.203_755": {"MW": 3468.082, "Length": 30.0, "Molar_extinction": {"cysteines_reduced": 1490.0, "cystines_residues": 1490.0}, "Aromaticity": 0.067, "GRAVY": 0.137, "Instability_index": 31.493, "Isoelectric_point": 11.539, "Charge_at_pH_7": 2.849, "Secondary_structure": {"helix": 0.4, "turn": 0.267, "sheet": 0.267}, "graph_points": null}, "AMP10.292_255": {"MW": 3511.193, "Length": 30.0, "Molar_extinction": {"cysteines_reduced": 0.0, "cystines_residues": 0.0}, "Aromaticity": 0.067, "GRAVY": 0.19, "Instability_index": 38.437, "Isoelectric_point": 11.824, "Charge_at_pH_7": 2.766, "Secondary_structure": {"helix": 0.4, "turn": 0.2, "sheet": 0.4}, "graph_points": null}, "AMP10.292_256": {"MW": 3500.144, "Length": 30.0, "Molar_extinction": {"cysteines_reduced": 1490.0, "cystines_residues": 1490.0}, "Aromaticity": 0.067, "GRAVY": 0.127, "Instability_index": 10.743, "Isoelectric_point": 8.748, "Charge_at_pH_7": 0.853, "Secondary_structure": {"helix": 0.367, "turn": 0.167, "sheet": 0.4}, "graph_points": null}, "AMP10.292_257": {"MW": 3494.185, "Length": 30.0, "Molar_extinction": {"cysteines_reduced": 1490.0, "cystines_residues": 1490.0}, "Aromaticity": 0.067, "GRAVY": 0.113, "Instability_index": 25.073, "Isoelectric_point": 11.539, "Charge_at_pH_7": 2.849, "Secondary_structure": {"helix": 0.367, "turn": 0.2, "sheet": 0.333}, "graph_points": null}, "AMP10.292_258": {"MW": 3480.159, "Length": 30.0, "Molar_extinction": {"cysteines_reduced": 1490.0, "cystines_residues": 1490.0}, "Aromaticity": 0.067, "GRAVY": 0.087, "Instability_index": 29.687, "Isoelectric_point": 11.539, "Charge_at_pH_7": 2.849, "Secondary_structure": {"helix": 0.367, "turn": 0.233, "sheet": 0.367}, "graph_points": null}, "AMP10.292_259": {"MW": 3472.176, "Length": 30.0, "Molar_extinction": {"cysteines_reduced": 1490.0, "cystines_residues": 1490.0}, "Aromaticity": 0.067, "GRAVY": 0.183, "Instability_index": 38.77, "Isoelectric_point": 11.539, "Charge_at_pH_7": 2.762, "Secondary_structure": {"helix": 0.367, "turn": 0.2, "sheet": 0.367}, "graph_points": null}, "AMP10.292_279": {"MW": 3475.119, "Length": 30.0, "Molar_extinction": {"cysteines_reduced": 1490.0, "cystines_residues": 1490.0}, "Aromaticity": 0.067, "GRAVY": -0.013, "Instability_index": 16.847, "Isoelectric_point": 11.539, "Charge_at_pH_7": 2.849, "Secondary_structure": {"helix": 0.4, "turn": 0.267, "sheet": 0.333}, "graph_points": null}, "AMP10.292_306": {"MW": 3537.21, "Length": 30.0, "Molar_extinction": {"cysteines_reduced": 1490.0, "cystines_residues": 1490.0}, "Aromaticity": 0.067, "GRAVY": -0.08, "Instability_index": 26.097, "Isoelectric_point": 11.539, "Charge_at_pH_7": 2.849, "Secondary_structure": {"helix": 0.367, "turn": 0.267, "sheet": 0.333}, "graph_points": null}, "AMP10.292_309": {"MW": 3519.171, "Length": 30.0, "Molar_extinction": {"cysteines_reduced": 1490.0, "cystines_residues": 1490.0}, "Aromaticity": 0.067, "GRAVY": 0.02, "Instability_index": 27.713, "Isoelectric_point": 11.539, "Charge_at_pH_7": 2.849, "Secondary_structure": {"helix": 0.4, "turn": 0.233, "sheet": 0.267}, "graph_points": null}, "AMP10.292_318": {"MW": 3461.175, "Length": 30.0, "Molar_extinction": {"cysteines_reduced": 1490.0, "cystines_residues": 1490.0}, "Aromaticity": 0.067, "GRAVY": 0.403, "Instability_index": 40.743, "Isoelectric_point": 11.539, "Charge_at_pH_7": 2.849, "Secondary_structure": {"helix": 0.433, "turn": 0.233, "sheet": 0.4}, "graph_points": null}, "AMP10.292_319": {"MW": 3512.2, "Length": 30.0, "Molar_extinction": {"cysteines_reduced": 1490.0, "cystines_residues": 1490.0}, "Aromaticity": 0.067, "GRAVY": 0.197, "Instability_index": 12.153, "Isoelectric_point": 11.539, "Charge_at_pH_7": 2.849, "Secondary_structure": {"helix": 0.4, "turn": 0.2, "sheet": 0.333}, "graph_points": null}, "AMP10.292_320": {"MW": 3504.218, "Length": 30.0, "Molar_extinction": {"cysteines_reduced": 1490.0, "cystines_residues": 1490.0}, "Aromaticity": 0.067, "GRAVY": 0.277, "Instability_index": 40.18, "Isoelectric_point": 11.539, "Charge_at_pH_7": 2.762, "Secondary_structure": {"helix": 0.4, "turn": 0.2, "sheet": 0.367}, "graph_points": null}, "AMP10.432_297": {"MW": 2729.25, "Length": 23.0, "Molar_extinction": {"cysteines_reduced": 1490.0, "cystines_residues": 1490.0}, "Aromaticity": 0.087, "GRAVY": -0.157, "Instability_index": 41.726, "Isoelectric_point": 11.539, "Charge_at_pH_7": 2.762, "Secondary_structure": {"helix": 0.348, "turn": 0.217, "sheet": 0.348}, "graph_points": null}, "AMP10.494_122": {"MW": 3559.215, "Length": 30.0, "Molar_extinction": {"cysteines_reduced": 1490.0, "cystines_residues": 1490.0}, "Aromaticity": 0.1, "GRAVY": -0.07, "Instability_index": 34.133, "Isoelectric_point": 11.539, "Charge_at_pH_7": 2.849, "Secondary_structure": {"helix": 0.367, "turn": 0.2, "sheet": 0.3}, "graph_points": null}, "AMP10.494_932": {"MW": 3343.981, "Length": 30.0, "Molar_extinction": {"cysteines_reduced": 1490.0, "cystines_residues": 1490.0}, "Aromaticity": 0.067, "GRAVY": 0.457, "Instability_index": 20.753, "Isoelectric_point": 10.667, "Charge_at_pH_7": 1.765, "Secondary_structure": {"helix": 0.4, "turn": 0.233, "sheet": 0.433}, "graph_points": null}, "AMP10.494_933": {"MW": 3385.033, "Length": 30.0, "Molar_extinction": {"cysteines_reduced": 1490.0, "cystines_residues": 1490.0}, "Aromaticity": 0.067, "GRAVY": 0.367, "Instability_index": 23.267, "Isoelectric_point": 10.667, "Charge_at_pH_7": 1.765, "Secondary_structure": {"helix": 0.4, "turn": 0.2, "sheet": 0.433}, "graph_points": null}, "AMP10.494_934": {"MW": 3531.25, "Length": 30.0, "Molar_extinction": {"cysteines_reduced": 1490.0, "cystines_residues": 1490.0}, "Aromaticity": 0.067, "GRAVY": -0.03, "Instability_index": 8.507, "Isoelectric_point": 11.539, "Charge_at_pH_7": 2.849, "Secondary_structure": {"helix": 0.3, "turn": 0.2, "sheet": 0.433}, "graph_points": null}, "AMP10.494_935": {"MW": 3371.006, "Length": 30.0, "Molar_extinction": {"cysteines_reduced": 1490.0, "cystines_residues": 1490.0}, "Aromaticity": 0.067, "GRAVY": 0.38, "Instability_index": 23.267, "Isoelectric_point": 10.667, "Charge_at_pH_7": 1.765, "Secondary_structure": {"helix": 0.4, "turn": 0.2, "sheet": 0.4}, "graph_points": null}, "AMP10.494_936": {"MW": 3479.19, "Length": 30.0, "Molar_extinction": {"cysteines_reduced": 1490.0, "cystines_residues": 1490.0}, "Aromaticity": 0.067, "GRAVY": 0.437, "Instability_index": 22.893, "Isoelectric_point": 11.539, "Charge_at_pH_7": 2.849, "Secondary_structure": {"helix": 0.433, "turn": 0.167, "sheet": 0.4}, "graph_points": null}, "AMP10.494_938": {"MW": 3463.214, "Length": 30.0, "Molar_extinction": {"cysteines_reduced": 1490.0, "cystines_residues": 1490.0}, "Aromaticity": 0.067, "GRAVY": 0.427, "Instability_index": 34.323, "Isoelectric_point": 11.539, "Charge_at_pH_7": 2.849, "Secondary_structure": {"helix": 0.4, "turn": 0.2, "sheet": 0.433}, "graph_points": null}, "AMP10.494_939": {"MW": 3479.174, "Length": 30.0, "Molar_extinction": {"cysteines_reduced": 0.0, "cystines_residues": 0.0}, "Aromaticity": 0.067, "GRAVY": 0.247, "Instability_index": 31.827, "Isoelectric_point": 12.0, "Charge_at_pH_7": 2.85, "Secondary_structure": {"helix": 0.367, "turn": 0.167, "sheet": 0.4}, "graph_points": null}, "AMP10.494_940": {"MW": 3439.15, "Length": 30.0, "Molar_extinction": {"cysteines_reduced": 1490.0, "cystines_residues": 1490.0}, "Aromaticity": 0.067, "GRAVY": 0.48, "Instability_index": 10.427, "Isoelectric_point": 11.539, "Charge_at_pH_7": 2.849, "Secondary_structure": {"helix": 0.4, "turn": 0.167, "sheet": 0.367}, "graph_points": null}, "AMP10.494_941": {"MW": 3456.137, "Length": 30.0, "Molar_extinction": {"cysteines_reduced": 0.0, "cystines_residues": 0.0}, "Aromaticity": 0.067, "GRAVY": 0.237, "Instability_index": 29.313, "Isoelectric_point": 12.0, "Charge_at_pH_7": 2.763, "Secondary_structure": {"helix": 0.367, "turn": 0.2, "sheet": 0.4}, "graph_points": null}, "AMP10.494_987": {"MW": 3465.187, "Length": 30.0, "Molar_extinction": {"cysteines_reduced": 1490.0, "cystines_residues": 1490.0}, "Aromaticity": 0.067, "GRAVY": 0.267, "Instability_index": 26.097, "Isoelectric_point": 11.539, "Charge_at_pH_7": 2.849, "Secondary_structure": {"helix": 0.4, "turn": 0.267, "sheet": 0.367}, "graph_points": null}, "AMP10.495_087": {"MW": 3549.264, "Length": 30.0, "Molar_extinction": {"cysteines_reduced": 1490.0, "cystines_residues": 1490.0}, "Aromaticity": 0.067, "GRAVY": 0.083, "Instability_index": 33.173, "Isoelectric_point": 11.539, "Charge_at_pH_7": 2.849, "Secondary_structure": {"helix": 0.4, "turn": 0.233, "sheet": 0.333}, "graph_points": null}, "AMP10.495_104": {"MW": 3475.185, "Length": 30.0, "Molar_extinction": {"cysteines_reduced": 0.0, "cystines_residues": 0.0}, "Aromaticity": 0.067, "GRAVY": 0.303, "Instability_index": 33.363, "Isoelectric_point": 12.0, "Charge_at_pH_7": 2.85, "Secondary_structure": {"helix": 0.4, "turn": 0.3, "sheet": 0.367}, "graph_points": null}, "AMP10.495_106": {"MW": 3452.082, "Length": 30.0, "Molar_extinction": {"cysteines_reduced": 1490.0, "cystines_residues": 1490.0}, "Aromaticity": 0.067, "GRAVY": 0.223, "Instability_index": 10.427, "Isoelectric_point": 11.539, "Charge_at_pH_7": 2.849, "Secondary_structure": {"helix": 0.4, "turn": 0.233, "sheet": 0.3}, "graph_points": null}, "AMP10.495_107": {"MW": 3467.137, "Length": 30.0, "Molar_extinction": {"cysteines_reduced": 1490.0, "cystines_residues": 1490.0}, "Aromaticity": 0.067, "GRAVY": 0.25, "Instability_index": 27.173, "Isoelectric_point": 11.539, "Charge_at_pH_7": 2.762, "Secondary_structure": {"helix": 0.433, "turn": 0.3, "sheet": 0.3}, "graph_points": null}, "AMP10.495_108": {"MW": 3403.114, "Length": 30.0, "Molar_extinction": {"cysteines_reduced": 1490.0, "cystines_residues": 1490.0}, "Aromaticity": 0.067, "GRAVY": 0.44, "Instability_index": 21.087, "Isoelectric_point": 11.539, "Charge_at_pH_7": 2.762, "Secondary_structure": {"helix": 0.4, "turn": 0.233, "sheet": 0.433}, "graph_points": null}, "AMP10.495_109": {"MW": 3499.202, "Length": 30.0, "Molar_extinction": {"cysteines_reduced": 1490.0, "cystines_residues": 1490.0}, "Aromaticity": 0.067, "GRAVY": 0.283, "Instability_index": 35.733, "Isoelectric_point": 11.539, "Charge_at_pH_7": 2.849, "Secondary_structure": {"helix": 0.4, "turn": 0.233, "sheet": 0.367}, "graph_points": null}, "AMP10.495_110": {"MW": 3453.133, "Length": 30.0, "Molar_extinction": {"cysteines_reduced": 1490.0, "cystines_residues": 1490.0}, "Aromaticity": 0.067, "GRAVY": 0.203, "Instability_index": 34.323, "Isoelectric_point": 11.539, "Charge_at_pH_7": 2.849, "Secondary_structure": {"helix": 0.367, "turn": 0.233, "sheet": 0.333}, "graph_points": null}, "AMP10.678_750": {"MW": 4312.135, "Length": 39.0, "Molar_extinction": {"cysteines_reduced": 1490.0, "cystines_residues": 1490.0}, "Aromaticity": 0.051, "GRAVY": 0.4, "Instability_index": 6.49, "Isoelectric_point": 10.667, "Charge_at_pH_7": 1.852, "Secondary_structure": {"helix": 0.385, "turn": 0.256, "sheet": 0.308}, "graph_points": null}}, "distributions": {"geo": {"type": "bubble map", "lat": [-77.6, -34.0, -33.5, -23.0, -1.6, 1.3, 1.3, 1.4, 1.4, 4.7, 8.5, 8.6, 15.9, 18.3, 21.1, 22.2, 22.3, 22.4, 24.6, 25.0, 25.1, 25.3, 25.5, 28.7, 29.4, 30.1, 30.7, 33.1, 33.5, 33.6, 33.7, 33.7, 33.8, 34.4, 34.7, 35.1, 35.3, 35.3, 35.8, 36.1, 37.0, 37.3, 37.4, 37.5, 37.5, 37.8, 37.9, 37.9, 37.9, 38.0, 38.5, 38.6, 38.9, 38.9, 38.9, 39.0, 39.3, 39.6, 39.9, 39.9, 40.0, 40.3, 40.4, 40.7, 40.9, 41.1, 41.1, 41.1, 41.3, 41.4, 41.8, 41.8, 42.4, 42.7, 43.1, 43.1, 43.3, 43.3, 43.8, 44.1, 44.5, 45.3, 45.6, 45.7, 46.0, 46.7, 47.7, 48.3, 48.4, 48.4, 48.6, 48.8, 49.1, 49.2, 50.3, 50.8, 51.5, 51.5, 51.6, 52.1, 52.5, 53.3, 54.4, 57.0, 59.1, 64.8, 71.3, 79.4], "lon": [163.2, 18.5, -70.6, -43.2, -55.3, 103.7, 104.0, 103.8, 103.9, -74.1, 4.6, 47.4, -124.5, -65.8, -100.3, 114.0, 114.2, 114.2, 117.5, 121.5, 121.6, 117.2, 114.5, -81.5, 116.0, 103.0, 122.8, -81.8, -115.9, -116.4, -117.7, -117.7, -116.8, -79.0, 135.3, -80.9, -80.7, 81.5, -84.0, 103.7, 99.8, 96.9, -118.5, -5.8, 127.0, -122.3, -122.3, -122.3, -122.3, -122.5, -121.7, -90.2, -106.9, -77.0, -76.2, -107.0, -75.4, -79.9, 116.3, 116.4, 116.3, -123.0, -80.0, -74.0, 108.8, -111.8, -87.6, -78.4, 19.8, -82.5, -111.8, 123.4, -85.4, -77.0, -89.4, -89.4, -89.4, -89.4, 142.4, -88.2, -109.6, -110.9, -110.6, -121.7, -89.6, -120.9, -122.3, 16.2, -122.3, 8.8, 9.1, 2.4, -89.4, -123.1, -113.8, -120.4, -0.1, 0.0, -0.3, 5.1, 13.4, -9.1, -122.6, -111.6, 24.5, -147.7, -156.7, -90.8], "size": [1.0, 2.0, 1.0, 1.0, 1.0, 1.0, 1.0, 2.0, 1.0, 1.0, 4.0, 3.0, 1.0, 1.0, 1.0, 1.0, 3.0, 1.0, 1.0, 1.0, 2.0, 1.0, 1.0, 1.0, 1.0, 1.0, 1.0, 1.0, 1.0, 2.0, 22.0, 1.0, 1.0, 1.0, 1.0, 1.0, 1.0, 1.0, 5.0, 2.0, 1.0, 1.0, 1.0, 1.0, 1.0, 10.0, 35.0, 1.0, 5.0, 5.0, 4.0, 1.0, 1.0, 1.0, 1.0, 1.0, 1.0, 2.0, 5.0, 1.0, 4.0, 1.0, 1.0, 3.0, 1.0, 1.0, 1.0, 1.0, 1.0, 1.0, 2.0, 1.0, 19.0, 5.0, 1.0, 4.0, 162.0, 1.0, 1.0, 3.0, 2.0, 1.0, 1.0, 1.0, 2.0, 1.0, 1.0, 2.0, 2.0, 1.0, 1.0, 1.0, 2.0, 1.0, 1.0, 2.0, 2.0, 1.0, 1.0, 1.0, 1.0, 1.0, 1.0, 1.0, 1.0, 1.0, 1.0, 2.0], "colors": [""]}, "habitat": {"type": "bar plot", "labels": ["plant associated", "soil", "built environment", "activated sludge", "wastewater", "water associated", "air", "deer gut", "insect associated", "river associated", "ice associated", "lake associated", "marine", "Progenomes", "anthropogenic", "bear gut", "chicken gut", "hot spring associated", "human gut", "human skin", "sediment"], "values": [255.0, 59.0, 35.0, 15.0, 7.0, 6.0, 5.0, 5.0, 4.0, 3.0, 2.0, 2.0, 2.0, 1.0, 1.0, 1.0, 1.0, 1.0, 1.0, 1.0, 1.0]}, "microbial_source": {"type": "bar plot", "labels": ["others *", "Glaciihabitans tibetensis", "Rhodoglobus sp004297555", "SISG01 sp004310685", "Frigoribacterium sp004364285", "Rathayibacter festucae", "Rhodoglobus sp001725325", "Frigoribacterium sp001423665", "UBA10887 sp003454135", "Amnibacterium sp003581425", "Schumannella sp004216815"], "values": [300.0, 27.0, 18.0, 13.0, 11.0, 10.0, 8.0, 6.0, 6.0, 5.0, 4.0]}}}